Pre Post Pre In Post In
ABCDEFGHIJKLMNOPQRSTUVWXYZ
ABCDEFGHIJKLMNOPQRSTUVWXYZ
ZYXWVUTSRQPONMLKJIHGFEDCBA
Pre Post Post In Pre In
ABCDEFGHIJKLMNOPQRSTUVWXYZ
ABCDEFGHIJKLMNOPQRSTUVWXYZ
ZYXWVUTSRQPONMLKJIHGFEDCBA
In In Post Pre Post Pre
ABZYCDEFGHIJKLMNOPQRSTUVWX
ACYDEFGHIJKLMNOPQRSTUVWXZB
CXWVUTSRQPONMLKJIHGFEDYZBA
In Post In Pre Post Pre
ABYXWVUTSRQPONMLKJIHGFEDCZ
ACDEFGHIJKLMNOPQRSTUVWXYBZ
CDEFGHIJKLMNOPQRSTUVWXYZBA
In Post Post Pre In Pre
ABCDEFGHIJKLMNOPQRSTUVWXYZ
ACEGIKMOQRPSNTLUJVHWFXDYBZ
RQSPOTNMULKVJIWHGXFEYDCZBA
Post In In Pre Post Pre
ABZYXWVUTSRQPONMLKJIHGFEDC
ACDEFGHIJKLMNOPQRSTUVWXYZB
CDEFGHIJKLMNOPQRSTUVWXYZBA
Post In Post Pre In Pre
ABZCDEFGHIJKLMNOPQRSTUVWXY
ACDEFGHIJKLMNOPQRSTUVWXYZB
YXWVUTSRQPONMLKJIHGFEDCZBA
Post Post Pre In Pre In
ABCDEFGHIJKLMNOPQRSTUVWXYZ
ABCDEFGHIJKLMNOPQRSTUVWXYZ
ZYXWVUTSRQPONMLKJIHGFEDCBA
Post Post In Pre In Pre
ABYCDEXFGHIJKWLMNOPQVRSTUZ
ACEDFHGIXKJLNMOWQPRSTVUYBZ
EHIGFKNOMLQTSRUVPWJXDCYZBA
