Pre In Pre Post In Post
ZAYBXCWDVEUFTGSHRIQJPKOLNM
ABCDEFGHIJKLMNOPQRSTUVWXYZ
MNLOKPJQIRHSGTFUEVDWCXBYAZ
Pre In In Post Pre Post
ZAYBXCWDVEUFTGSHRIQJPKOLNM
ABCDEFGHIJKLMNOPQRSTUVWXYZ
MNLOKPJQIRHSGTFUEVDWCXBYAZ
Pre Post Pre In In Post
ZAYBXCWDVEUFTGSHRIQJPKOLNM
ABCDEFGHIJKLMNOPQRSTUVWXYZ
MNLOKPJQIRHSGTFUEVDWCXBYAZ
Pre Post Pre Post In In
ZAYBCDXEFGWHIJVKLMUNOPTQRS
ABCYDEFXGHIWJKLVMNOUPQRTSZ
CBFEIHLKONRQSTPUMVJWGXDYAZ
Pre Post In In Pre Post
ZAYBXCWDVEUFTGSHRIQJPKOLNM
ABCDEFGHIJKLMNOPQRSTUVWXYZ
MNLOKPJQIRHSGTFUEVDWCXBYAZ
Pre Post In Post Pre In
ZAYBCDEFGHIJKLMNOPQRSTUVWX
ALKMJNIOHPGQFRESDTCUBVYWXZ
LMKNJOIPHQGRFSETDUCVBXWYAZ
Pre Post In Post In Pre
ZAYBCDEFGHIJKLMNOPQRSTUVWX
ABCYNMOLPKQJRISHTGUFVEWDXZ
CBNOMPLQKRJSITHUGVFWEXDYAZ
In Pre In Pre Post Post
ZYXWVUTSRQPONMLKJIHGFEDCBA
ABCDEFGHIJKLMNOPQRSTUVWXYZ
ABCDEFGHIJKLMNOPQRSTUVWXYZ
In Pre In Post Post Pre
ZYXWVUTSRQPONMLKJIHGFEDCBA
ABCDEFGHIJKLMNOPQRSTUVWXYZ
ABCDEFGHIJKLMNOPQRSTUVWXYZ
In Pre Post Pre In Post
ZYXWVUTSRQPONMLKJIHGFEDCBA
ABCDEFGHIJKLMNOPQRSTUVWXYZ
ABCDEFGHIJKLMNOPQRSTUVWXYZ
In Pre Post Pre Post In
ZYXABCDEFGHIJKLMNOPQRSTUVW
AXBCDEFGHIJKLMNOPQRSTUVWYZ
AWVUTSRQPONMLKJIHGFEDCBXYZ
In Pre Post In Post Pre
ZYXABCDEFGHIJKLMNOPQRSTUVW
AXBCDEFGHIJKLMNOPQRSTUVWYZ
AWVUTSRQPONMLKJIHGFEDCBXYZ
In Pre Post Post In Pre
ZYXWVUTSRQPONMLKJIHGFEDCBA
ABCDEFGHIJKLMNOPQRSTUVWXYZ
ABCDEFGHIJKLMNOPQRSTUVWXYZ
In In Pre Post Pre Post
ZAYBCDEXFGHIJWKLMNOVPQRSTU
ACDBEGHFIJXLMKNOWQRPSTVUYZ
DCHGJIFMLONKRQTSPUVWXEBYAZ
In In Post Pre Post Pre
ZYXABCDEFGHIJKLMNOPQRSTUVW
AXBCDEFGHIJKLMNOPQRSTUVWYZ
AWVUTSRQPONMLKJIHGFEDCBXYZ
In Post Pre In Pre Post
ZAYBCDEFGHIJKLMNOPQRSTUVWX
ACDEFGHIJKLMNOPQRSTUVWBXYZ
WVUTSRQPONMLKJIHGFEDCXBYAZ
In Post Pre Post Pre In
ZAYBCDEFXGHIJKWLMNOPVQRSTU
ACDBEYFHIGJXKMNLOWPRQSVTUZ
DCEBIHJGNMOLRSQUTVPWKXFYAZ
In Post Pre Post In Pre
ZAYBCDEFXGHIJKWLMNOPVQRSTU
ABCYEFDGHXJKILMWOPNQRVTSUZ
CBFEHGKJMLPORQTUSVNWIXDYAZ
In Post In Pre Post Pre
ZYXWVUTSRQPONMLKJIHGFEDCBA
ABCDEFGHIJKLMNOPQRSTUVWXYZ
ABCDEFGHIJKLMNOPQRSTUVWXYZ
In Post In Post Pre Pre
ZAYBCDEFGHXIJKLMNOWPQRSTUV
ACDBEYGHFJKILXNOMQPRWTUSVZ
DCEBHGKJLIONQRPUTVSWMXFYAZ
In Post Post Pre In Pre
ZYXWVUTSRQPONMLKJIHGFEDCBA
ABCDEFGHIJKLMNOPQRSTUVWXYZ
ABCDEFGHIJKLMNOPQRSTUVWXYZ
Post Pre In Pre In Post
ZYABCDEFGHIJKLMNOPQRSTUVWX
ABCDEFGHIJKLMNOPQRSTUVWXYZ
XWVUTSRQPONMLKJIHGFEDCBAYZ
Post Pre In Pre Post In
ZYXWVUTSRQPONMLKJIHGFEDCBA
ABCDEFGHIJKLMNOPQRSTUVWXYZ
ABCDEFGHIJKLMNOPQRSTUVWXYZ
Post Pre In In Post Pre
ZYXWVUTSRQPONMLKJIHGFEDCBA
ABCDEFGHIJKLMNOPQRSTUVWXYZ
ABCDEFGHIJKLMNOPQRSTUVWXYZ
Post Pre In Post In Pre
ZYAXBCDEFGHIJKLMNOPQRSTUVW
ABCXDEFGHIJKLMNOPQRSTUVWYZ
CBWVUTSRQPONMLKJIHGFEDXAYZ
Post Pre Post Pre In In
ZYXWVUTSRQPONMLKJIHGFEDCBA
ABCDEFGHIJKLMNOPQRSTUVWXYZ
ABCDEFGHIJKLMNOPQRSTUVWXYZ
Post Pre Post In In Pre
ZYXWVUTSRQPONMLKJIHGFEDCBA
ABCDEFGHIJKLMNOPQRSTUVWXYZ
ABCDEFGHIJKLMNOPQRSTUVWXYZ
Post In In Pre Post Pre
ZYXWVUTSRQPONMLKJIHGFEDCBA
ABCDEFGHIJKLMNOPQRSTUVWXYZ
ABCDEFGHIJKLMNOPQRSTUVWXYZ
Post In Post Pre In Pre
ZYXWVUTSRQPONMLKJIHGFEDCBA
ABCDEFGHIJKLMNOPQRSTUVWXYZ
ABCDEFGHIJKLMNOPQRSTUVWXYZ
Post Post In Pre In Pre
ZYABCXDEFGHIWJKLMNOVPQRSTU
ACBDFEGXIHJLKMWONPQRVTSUYZ
CFGEDILMKJORQPTUSVNWHXBAYZ
