Pre Pre In In Post Post
YWZX
WYXZ
WXZY
Pre Pre In Post In Post
YWZX
WYXZ
WXZY
Pre Pre In Post Post In
YWZX
WYXZ
WXZY
Pre Pre Post In In Post
YWZX
WYXZ
WXZY
Pre Pre Post In Post In
YWZX
WYXZ
WXZY
Pre Pre Post Post In In
YWZX
WYXZ
WXZY
Pre In Pre Post In Post
YWZX
WYZX
WXZY
Pre In In Post Pre Post
YWZX
WYZX
WXZY
Pre Post Pre In Post In
YWXZ
WYXZ
WZXY
Pre Post In Pre Post In
YWXZ
WYXZ
WZXY
Pre Post In In Post Pre
YWXZ
WYXZ
WZXY
Pre Post Post Pre In In
YWXZ
WYXZ
WZXY
Pre Post Post In Pre In
YWXZ
WYXZ
WZXY
Pre Post Post In In Pre
YWXZ
WYXZ
WZXY
In Pre Pre In Post Post
YWZX
WYXZ
WXZY
In Pre Pre Post In Post
YWZX
WYXZ
WXZY
In Pre Pre Post Post In
YWZX
WYXZ
WXZY
In Pre In Post Pre Post
YWZX
WYXZ
WXZY
In Pre Post In Pre Post
YWZX
WYXZ
WXZY
In Pre Post Post Pre In
YWZX
WYXZ
WXZY
In In Pre Post Pre Post
YWZX
WYZX
WXZY
In In Post Pre Post Pre
YWXZ
WYZX
WZXY
In Post Pre Pre Post In
YWXZ
WYXZ
WZXY
In Post Pre In Post Pre
YWXZ
WYXZ
WZXY
In Post In Pre Post Pre
YWXZ
WYXZ
WZXY
In Post Post Pre Pre In
YWXZ
WYXZ
WZXY
In Post Post Pre In Pre
YWXZ
WYXZ
WZXY
In Post Post In Pre Pre
YWXZ
WYXZ
WZXY
Post Pre Pre In In Post
YWZX
WYXZ
WXZY
Post Pre Pre In Post In
YWZX
WYXZ
WXZY
Post Pre Pre Post In In
YWZX
WYXZ
WXZY
Post Pre In In Pre Post
YWZX
WYXZ
WXZY
Post Pre In Post Pre In
YWZX
WYXZ
WXZY
Post Pre Post In Pre In
YWZX
WYXZ
WXZY
Post In In Pre Post Pre
YWXZ
WYZX
WZXY
Post In Post Pre In Pre
YWXZ
WYZX
WZXY
Post Post Pre Pre In In
YWXZ
WYXZ
WZXY
Post Post Pre In Pre In
YWXZ
WYXZ
WZXY
Post Post Pre In In Pre
YWXZ
WYXZ
WZXY
Post Post In Pre Pre In
YWXZ
WYXZ
WZXY
Post Post In Pre In Pre
YWXZ
WYXZ
WZXY
Post Post In In Pre Pre
YWXZ
WYXZ
WZXY
