In Post Pre Post In Pre
UWXZVY
XYVZWU
YVZXWU
Post Pre Pre In Post In
UWVXYZ
VXYWZU
YXVZWU
Post Pre In Pre Post In
UWXYVZ
WXVYZU
VZYXWU
Post Pre In In Post Pre
UWXYVZ
WXYVZU
ZVYXWU
Post In Pre Pre Post In
UWVXYZ
VXYWZU
YXVZWU
Post In Pre In Post Pre
UWVXYZ
VXYWZU
YXVZWU
Post In In Pre Post Pre
UWXVYZ
WVYXZU
YVZXWU
