In Pre In Post Pre Post
ZYAXBCDEFGHIJKLMNOPQRSTUVW
ABCDEFGHIJKLMNOPQRSTUVWXYZ
WVUTSRQPONMLKJIHGFEDCBXAYZ
In Post In Pre Pre Post
ZYABCDEFGHIJKLMNOPQRSTUVWX
ACEGIKMOPQNRLSJTHUFVDWBXYZ
QPORNMSLKTJIUHGVFEWDCXBAYZ
In Post In Post Pre Pre
ZYAXBCDEFGHWIJKLMNOVPQRSTU
ACDBEXGHFJKILWNOMPQVSTRUYZ
DCEBHGKJLIONQPTSURVMWFXAYZ
Post Pre Post Pre In In
ZYABCDEFGHIJKLMNOPQRSTUVWX
YABCDEFGHIJKLMNOPQRSTUVWXZ
XWVUTSRQPONMLKJIHGFEDCBAYZ
Post Pre Post In Pre In
ZYABCDEFGHIJKLMNOPQRSTUVWX
AYBCDEFGHIJKLMNOPQRSTUVWXZ
AXWVUTSRQPONMLKJIHGFEDCBYZ
Post Pre Post In In Pre
ZYABCDEFGHIJKLMNOPQRSTUVWX
YABCDEFGHIJKLMNOPQRSTUVWXZ
XWVUTSRQPONMLKJIHGFEDCBAYZ
Post In Post Pre Pre In
ZYABCDEFGHIJKLMNOPQRSTUVWX
AYBCDEFGHIJKLMNOPQRSTUVWXZ
AXWVUTSRQPONMLKJIHGFEDCBYZ
Post In Post Pre In Pre
ZYABCDEFGHIJKLMNOPQRSTUVWX
YABCDEFGHIJKLMNOPQRSTUVWXZ
XWVUTSRQPONMLKJIHGFEDCBAYZ
Post In Post In Pre Pre
ZYABCDEFGHIJKLMNOPQRSTUVWX
AYBCDEFGHIJKLMNOPQRSTUVWXZ
AXWVUTSRQPONMLKJIHGFEDCBYZ
