Pre In Pre In Post Post
XZVWY
VZXYW
VZYWX
Pre In Pre Post In Post
XZVWY
VZXYW
VZYWX
Pre In Pre Post Post In
XZVWY
VZXYW
VZYWX
Pre Post Pre In In Post
XZVWY
VZXYW
VZYWX
Pre Post Pre In Post In
XZVWY
VZXYW
VZYWX
Pre Post Pre Post In In
XZVWY
VZXYW
VZYWX
Post Pre Post Pre In In
XVZYW
VZXYW
ZVWYX
Post Pre Post In Pre In
XVZYW
VZXYW
ZVWYX
Post Pre Post In In Pre
XVZYW
VZXYW
ZVWYX
Post In Post Pre Pre In
XVZYW
VZXYW
ZVWYX
Post In Post Pre In Pre
XVZYW
VZXYW
ZVWYX
Post In Post In Pre Pre
XVZYW
VZXYW
ZVWYX
