Pre Pre Post In Post In
ABCDEFGHIJKLMNOPQRSTUVWXYZ
ABCDEFGHIJKLMNOPQRSTUVWXYZ
ZYXWVUTSRQPONMLKJIHGFEDCBA
Pre In Pre Post In Post
AZBYCXDWEVFUGTHSIRJQKPLOMN
ABCDEFGHIJKLMNOPQRSTUVWXYZ
NMOLPKQJRISHTGUFVEWDXCYBZA
Pre In In Post Pre Post
AZBYCXDWEVFUGTHSIRJQKPLOMN
ABCDEFGHIJKLMNOPQRSTUVWXYZ
NMOLPKQJRISHTGUFVEWDXCYBZA
Pre In Post Pre Post In
ABCDEFGHIJKLMNOPQRSTUVWXYZ
ABCDEFGHIJKLMNOPQRSTUVWXYZ
ZYXWVUTSRQPONMLKJIHGFEDCBA
Pre In Post In Post Pre
ABCDEFGHIJKLMNOPQRSTUVWXYZ
ABCDEFGHIJKLMNOPQRSTUVWXYZ
ZYXWVUTSRQPONMLKJIHGFEDCBA
Pre Post Pre In In Post
AZBYCXDWEVFUGTHSIRJQKPLOMN
ABCDEFGHIJKLMNOPQRSTUVWXYZ
NMOLPKQJRISHTGUFVEWDXCYBZA
Pre Post Pre Post In In
AZBYCDEXFGHWIJKVLMNUOPQTRS
ABCDYEFGXHIJWKLMVNOPUQRSTZ
DCGFJIMLPOSRTQUNVKWHXEYBZA
Pre Post In In Pre Post
AZBYCXDWEVFUGTHSIRJQKPLOMN
ABCDEFGHIJKLMNOPQRSTUVWXYZ
NMOLPKQJRISHTGUFVEWDXCYBZA
Pre Post In Post Pre In
AZBYCDEFGHIJKLMNOPQRSTUVWX
ABLMKNJOIPHQGRFSETDUCVYWXZ
MLNKOJPIQHRGSFTEUDVCXWYBZA
In Pre Post Pre Post In
ABCDEFGHIJKLMNOPQRSTUVWXYZ
ABCDEFGHIJKLMNOPQRSTUVWXYZ
ZYXWVUTSRQPONMLKJIHGFEDCBA
In Pre Post In Post Pre
ABCDEFGHIJKLMNOPQRSTUVWXYZ
ABCDEFGHIJKLMNOPQRSTUVWXYZ
ZYXWVUTSRQPONMLKJIHGFEDCBA
In In Pre Post Pre Post
AZBCDEYFGHIJXKLMNOWPQRSTVU
ACDBEGHFIJYLMKNOXQRPSTWUVZ
DCHGJIFMLONKRQTSPUVWXYEBZA
In In Post Pre Post Pre
ABCDEFGHIJKLMNOPQRSTUVWXYZ
ABCDEFGHIJKLMNOPQRSTUVWXYZ
ZYXWVUTSRQPONMLKJIHGFEDCBA
In Post Pre In Pre Post
AZBCDEFGHIJKLMNOPQRSTUVWXY
ACDEFGHIJKLMNOPQRSTUVWXBYZ
XWVUTSRQPONMLKJIHGFEDCYBZA
In Post Pre Post Pre In
AZBCDYEFGHIXJKLMNWOPQRSVTU
ACDBFGEHYIKLJMXNPQORWSTUVZ
DCGFHELKMJQPROUTVSWNXIYBZA
Post Pre Pre In Post In
ABCDEFGHIJKLMNOPQRSTUVWXYZ
ABCDEFGHIJKLMNOPQRSTUVWXYZ
ZYXWVUTSRQPONMLKJIHGFEDCBA
Post Pre In Pre Post In
ABCDEFGHIJKLMNOPQRSTUVWXYZ
ABCDEFGHIJKLMNOPQRSTUVWXYZ
ZYXWVUTSRQPONMLKJIHGFEDCBA
Post Pre In In Post Pre
ABCDEFGHIJKLMNOPQRSTUVWXYZ
ABCDEFGHIJKLMNOPQRSTUVWXYZ
ZYXWVUTSRQPONMLKJIHGFEDCBA
Post Pre Post Pre In In
ABCDEFGHIJKLMNOPQRSTUVWXYZ
ABCDEFGHIJKLMNOPQRSTUVWXYZ
ZYXWVUTSRQPONMLKJIHGFEDCBA
Post Pre Post In Pre In
ABCDEFGHIJKLMNOPQRSTUVWXYZ
ABCDEFGHIJKLMNOPQRSTUVWXYZ
ZYXWVUTSRQPONMLKJIHGFEDCBA
Post Pre Post In In Pre
ABCDEFGHIJKLMNOPQRSTUVWXYZ
ABCDEFGHIJKLMNOPQRSTUVWXYZ
ZYXWVUTSRQPONMLKJIHGFEDCBA
Post In Pre Pre Post In
ABCDEFGHIJKLMNOPQRSTUVWXYZ
ABCDEFGHIJKLMNOPQRSTUVWXYZ
ZYXWVUTSRQPONMLKJIHGFEDCBA
Post In Pre In Pre Post
AZBCDEFGHIJKLMNOPQRSTUVWXY
ABCDEFGHIJKLMNOPQRSTUVWXYZ
YXWVUTSRQPONMLKJIHGFEDCBZA
Post In Pre In Post Pre
ABCDEFGHIJKLMNOPQRSTUVWXYZ
ABCDEFGHIJKLMNOPQRSTUVWXYZ
ZYXWVUTSRQPONMLKJIHGFEDCBA
Post In Pre Post Pre In
AZBCDYEFGHIXJKLMNWOPQRSVTU
ACBDFEGHYIKJLMXNPOQRWSTUVZ
CFHGEKMLJPRQOUTVSWNXIYDBZA
Post In In Pre Post Pre
ABCDEFGHIJKLMNOPQRSTUVWXYZ
ABCDEFGHIJKLMNOPQRSTUVWXYZ
ZYXWVUTSRQPONMLKJIHGFEDCBA
Post In Post Pre Pre In
ABCDEFGHIJKLMNOPQRSTUVWXYZ
ABCDEFGHIJKLMNOPQRSTUVWXYZ
ZYXWVUTSRQPONMLKJIHGFEDCBA
Post In Post Pre In Pre
ABCDEFGHIJKLMNOPQRSTUVWXYZ
ABCDEFGHIJKLMNOPQRSTUVWXYZ
ZYXWVUTSRQPONMLKJIHGFEDCBA
Post In Post In Pre Pre
ABCDEFGHIJKLMNOPQRSTUVWXYZ
ABCDEFGHIJKLMNOPQRSTUVWXYZ
ZYXWVUTSRQPONMLKJIHGFEDCBA
Post Post Pre In Pre In
AZBCYDEFGHIJKLMNOPQRSTUVWX
ACBDEYFGHIJKLMNOPQRSTUVWXZ
CEDXWVUTSRQPONMLKJIHGFYBZA
