Pre Pre In In Post Post
ABCDEFGHIJKLMNOPQRSTUVWXYZ
ABCDEFGHIJKLMNOPQRSTUVWXYZ
ZYXWVUTSRQPONMLKJIHGFEDCBA
Pre Pre Post In In Post
ABCDEFGHIJKLMNOPQRSTUVWXYZ
ABCDEFGHIJKLMNOPQRSTUVWXYZ
ZYXWVUTSRQPONMLKJIHGFEDCBA
Pre In Pre In Post Post
ABCDEFGHIJKLMNOPQRSTUVWXYZ
ABCDEFGHIJKLMNOPQRSTUVWXYZ
ZYXWVUTSRQPONMLKJIHGFEDCBA
Pre In In Pre Post Post
ABCDEFGHIJKLMNOPQRSTUVWXYZ
ABCDEFGHIJKLMNOPQRSTUVWXYZ
ZYXWVUTSRQPONMLKJIHGFEDCBA
Pre In In Post Post Pre
AZYXWVUTSRQPONMLKJIHGFEDCB
ABCDEFGHIJKLMNOPQRSTUVWXYZ
BCDEFGHIJKLMNOPQRSTUVWXYZA
Pre In Post Pre In Post
ABCDEFGHIJKLMNOPQRSTUVWXYZ
ABCDEFGHIJKLMNOPQRSTUVWXYZ
ZYXWVUTSRQPONMLKJIHGFEDCBA
Pre In Post In Pre Post
ABCDEFGHIJKLMNOPQRSTUVWXYZ
ABCDEFGHIJKLMNOPQRSTUVWXYZ
ZYXWVUTSRQPONMLKJIHGFEDCBA
Pre In Post In Post Pre
AZYBCDEFGHIJKLMNOPQRSTUVWX
AYWXVUTSRQPONMLKJIHGFEDCBZ
XWVUTSRQPONMLKJIHGFEDCBYZA
Pre In Post Post In Pre
AZYXWVUTSRQPONMLKJIHGFEDCB
ABCDEFGHIJKLMNOPQRSTUVWXYZ
BCDEFGHIJKLMNOPQRSTUVWXYZA
Pre Post Pre Post In In
AZBYCXDWEVFUGTHSIRJQKPLOMN
AZBYCXDWEVFUGTHSIRJQKPLOMN
NMOLPKQJRISHTGUFVEWDXCYBZA
Pre Post In In Post Pre
AZYXWVUTSRQPONMLKJIHGFEDCB
ABCDEFGHIJKLMNOPQRSTUVWXYZ
BCDEFGHIJKLMNOPQRSTUVWXYZA
Pre Post In Post Pre In
AZBYCXDWEVFUGTHSIRJQKPLOMN
AZBYCXDWEVFUGTHSIRJQKPLOMN
NMOLPKQJRISHTGUFVEWDXCYBZA
Pre Post In Post In Pre
AZBCDEFGHIJKLMNOPQRSTUVWXY
AZYXWVUTSRQPONMLKJIHGFEDCB
YXWVUTSRQPONMLKJIHGFEDCBZA
Pre Post Post In In Pre
AZYXWVUTSRQPONMLKJIHGFEDCB
ABCDEFGHIJKLMNOPQRSTUVWXYZ
BCDEFGHIJKLMNOPQRSTUVWXYZA
In Pre Pre In Post Post
ABCDEFGHIJKLMNOPQRSTUVWXYZ
ABCDEFGHIJKLMNOPQRSTUVWXYZ
ZYXWVUTSRQPONMLKJIHGFEDCBA
In Pre In Pre Post Post
ABCDEFGHIJKLMNOPQRSTUVWXYZ
ABCDEFGHIJKLMNOPQRSTUVWXYZ
ZYXWVUTSRQPONMLKJIHGFEDCBA
In Pre Post Pre In Post
ABCDEFGHIJKLMNOPQRSTUVWXYZ
ABCDEFGHIJKLMNOPQRSTUVWXYZ
ZYXWVUTSRQPONMLKJIHGFEDCBA
In Pre Post Pre Post In
ABCDEFGHIJKLMNOPQRSTUVWXYZ
ACEGIKMOQSUWYZXVTRPNLJHFDB
ZYXWVUTSRQPONMLKJIHGFEDCBA
In Pre Post In Pre Post
ABCDEFGHIJKLMNOPQRSTUVWXYZ
ABCDEFGHIJKLMNOPQRSTUVWXYZ
ZYXWVUTSRQPONMLKJIHGFEDCBA
In In Pre Pre Post Post
ABCDEFGHIJKLMNOPQRSTUVWXYZ
ABCDEFGHIJKLMNOPQRSTUVWXYZ
ZYXWVUTSRQPONMLKJIHGFEDCBA
In In Post Pre Pre Post
ABCDEFGHIJKLMNOPQRSTUVWXYZ
ABCDEFGHIJKLMNOPQRSTUVWXYZ
ZYXWVUTSRQPONMLKJIHGFEDCBA
In Post Pre Post Pre In
AZBYCXDWEVFUGTHSIRJQKPLOMN
AZBYCXDWEVFUGTHSIRJQKPLOMN
NMOLPKQJRISHTGUFVEWDXCYBZA
In Post Pre Post In Pre
AZBYCXDWEVFUGTHSIRJQKPLOMN
AZBYCXDWEVFUGTHSIRJQKPLOMN
NMOLPKQJRISHTGUFVEWDXCYBZA
In Post In Post Pre Pre
AZBYCXDWEVFUGTHSIRJQKPLOMN
AZBYCXDWEVFUGTHSIRJQKPLNMO
NMOLPKQJRISHTGUFVEWDXCYBZA
Post Pre Pre In In Post
ABCDEFGHIJKLMNOPQRSTUVWXYZ
ABCDEFGHIJKLMNOPQRSTUVWXYZ
ZYXWVUTSRQPONMLKJIHGFEDCBA
Post Pre In Pre In Post
ABCDEFGHIJKLMNOPQRSTUVWXYZ
ABCDEFGHIJKLMNOPQRSTUVWXYZ
ZYXWVUTSRQPONMLKJIHGFEDCBA
Post Pre In Pre Post In
ABZYCDXWEFVUGHTSIJRQKLPOMN
AZCXEVGTIRKPMNOLQJSHUFWDYB
NMOPLKQRJISTHGUVFEWXDCYZBA
Post Pre In In Pre Post
ABCDEFGHIJKLMNOPQRSTUVWXYZ
ABCDEFGHIJKLMNOPQRSTUVWXYZ
ZYXWVUTSRQPONMLKJIHGFEDCBA
Post In Pre Pre In Post
ABCDEFGHIJKLMNOPQRSTUVWXYZ
ABCDEFGHIJKLMNOPQRSTUVWXYZ
ZYXWVUTSRQPONMLKJIHGFEDCBA
Post In Pre In Pre Post
ABCDEFGHIJKLMNOPQRSTUVWXYZ
ABCDEFGHIJKLMNOPQRSTUVWXYZ
ZYXWVUTSRQPONMLKJIHGFEDCBA
Post In Pre In Post Pre
AZBYCXDWEVFUGTHSIRJQKPLOMN
ABCDEFGHIJKLMNOPQRSTUVWXYZ
NMOLPKQJRISHTGUFVEWDXCYBZA
Post In Pre Post In Pre
AZBYCXDWEVFUGTHSIRJQKPLOMN
ABCDEFGHIJKLMNOPQRSTUVWXYZ
NMOLPKQJRISHTGUFVEWDXCYBZA
Post In In Pre Pre Post
ABCDEFGHIJKLMNOPQRSTUVWXYZ
ABCDEFGHIJKLMNOPQRSTUVWXYZ
ZYXWVUTSRQPONMLKJIHGFEDCBA
Post In In Post Pre Pre
AZBYCXDWEVFUGTHSIRJQKPLOMN
ABCDEFGHIJKLMNOPQRSTUVWXYZ
NMOLPKQJRISHTGUFVEWDXCYBZA
Post Post Pre In In Pre
AZBYCXDWEVFUGTHSIRJQKPLOMN
ABCDEFGHIJKLMNOPQRSTUVWXYZ
NMOLPKQJRISHTGUFVEWDXCYBZA
Post Post In In Pre Pre
AZBYCXDWEVFUGTHSIRJQKPLOMN
ABCDEFGHIJKLMNOPQRSTUVWXYZ
NMOLPKQJRISHTGUFVEWDXCYBZA
