In Pre In Post Post Pre
ABCDEFGHIJKLMNOPQRSTUVWXYZ
ABCDEFGHIJKLMNOPQRSTUVWXYZ
ZYXWVUTSRQPONMLKJIHGFEDCBA
In Pre Post In Post Pre
ABZYCDEFGHIJKLMNOPQRSTUVWX
ACYDEFGHIJKLMNOPQRSTUVWXZB
CXWVUTSRQPONMLKJIHGFEDYZBA
In Pre Post Post In Pre
ABCDEFGHIJKLMNOPQRSTUVWXYZ
ABCDEFGHIJKLMNOPQRSTUVWXYZ
ZYXWVUTSRQPONMLKJIHGFEDCBA
Post Pre In In Post Pre
ABZYXWVUTSRQPONMLKJIHGFEDC
ACDEFGHIJKLMNOPQRSTUVWXYZB
CDEFGHIJKLMNOPQRSTUVWXYZBA
Post Pre In Post In Pre
ABCDEFGHIJKLMNOPQRSTUVWXYZ
ABCDEFGHIJKLMNOPQRSTUVWXYZ
ZYXWVUTSRQPONMLKJIHGFEDCBA
Post Pre Post In In Pre
ABZCDEFGHIJKLMNOPQRSTUVWXY
ACDEFGHIJKLMNOPQRSTUVWXYZB
YXWVUTSRQPONMLKJIHGFEDCZBA
Post In Pre Post Pre In
ABZCDEYFGHIJXKLMNOWPQRSTVU
ABDCEGFHIYJLKMNXOQPRSWTUVZ
DGIHFLNMKQSRPUVTWOXJYECZBA
