In Pre Post Pre Post In
SLPKOTZRQNIJMVUWXY
KOPLTRZSQINVMJXYWU
OKPRZTLIVMYXWUJNQS
In Pre Post In Post Pre
SLPKOTZRQNIJVMUYXW
KOPLTZRSQNIJVMUYXW
OKPRZTLWXYUMVJINQS
In In Post Pre Post Pre
SLPKOTRZQNIJVMUYXW
KOPLTZRSQNIJVMUYXW
OKPZRTLWXYUMVJINQS
In Post Pre In Pre Post
SOLKPRTZWQINJMVUXY
OKPLTZRSNIJVMUQXYW
PKZTRLONVUMJIYXQWS
