Pre Pre In In Post Post
ZWYUVX
ZWUVYX
VUXYWZ
Pre In In Pre Post Post
ZWYUVX
ZWUVYX
VUXYWZ
In Pre Pre In Post Post
ZWYUVX
ZWUVYX
VUXYWZ
In Pre Post In Pre Post
ZWYVUX
ZWUVYX
UVXYWZ
In In Pre Pre Post Post
ZWYUVX
ZWUVYX
VUXYWZ
In In Post Pre Pre Post
ZWYVUX
ZWUVYX
UVXYWZ
Post Pre In In Pre Post
ZWYVUX
ZWUVYX
UVXYWZ
Post In In Pre Pre Post
ZWYVUX
ZWUVYX
UVXYWZ
