Pre Pre Post In Post In
XWYVZ
WYXVZ
YWZVX
Pre In Post Pre Post In
XWYVZ
WYXVZ
YWZVX
Pre In Post In Post Pre
XWYVZ
WYXVZ
YWZVX
In Pre Post Pre Post In
XWYVZ
WYXVZ
YWZVX
In Pre Post In Post Pre
XWYVZ
WYXVZ
YWZVX
In In Pre Post Pre Post
XYWZV
WYXVZ
WYVZX
In In Post Pre Post Pre
XWYVZ
WYXVZ
YWZVX
In Post Pre In Pre Post
XYWZV
WYXVZ
WYVZX
In Post Pre Post Pre In
XYWZV
WYXVZ
WYVZX
Post In Pre In Pre Post
XYWZV
WYXVZ
WYVZX
Post In Pre Post Pre In
XYWZV
WYXVZ
WYVZX
Post Post Pre In Pre In
XYWZV
WYXVZ
WYVZX
