In Post Pre Post In Pre
ZYAXBCDEFWGHIJKVLMNOPUQRST
ABCXEFDGHWJKILMVOPNQRUSTYZ
CBFEHGKJMLPORQTSUNVIWDXAYZ
Post Pre Pre In Post In
ZYABCDEFGHIJKLMNOPQRSTUVWX
AYBCDEFGHIJKLMNOPQRSTUVWXZ
AXWVUTSRQPONMLKJIHGFEDCBYZ
Post Pre In Pre Post In
ZYABCDEFGHIJKLMNOPQRSTUVWX
YABCDEFGHIJKLMNOPQRSTUVWXZ
XWVUTSRQPONMLKJIHGFEDCBAYZ
Post Pre In In Post Pre
ZYABCDEFGHIJKLMNOPQRSTUVWX
YABCDEFGHIJKLMNOPQRSTUVWXZ
XWVUTSRQPONMLKJIHGFEDCBAYZ
Post In Pre Pre Post In
ZYABCDEFGHIJKLMNOPQRSTUVWX
AYBCDEFGHIJKLMNOPQRSTUVWXZ
AXWVUTSRQPONMLKJIHGFEDCBYZ
Post In Pre In Post Pre
ZYABCDEFGHIJKLMNOPQRSTUVWX
AYBCDEFGHIJKLMNOPQRSTUVWXZ
AXWVUTSRQPONMLKJIHGFEDCBYZ
Post In In Pre Post Pre
ZYABCDEFGHIJKLMNOPQRSTUVWX
YABCDEFGHIJKLMNOPQRSTUVWXZ
XWVUTSRQPONMLKJIHGFEDCBAYZ
