Pre Pre In Post Post In
YZWX
ZYWX
ZXWY
Pre Pre Post Post In In
YZWX
ZYWX
ZXWY
Pre In Pre Post Post In
YZWX
ZYWX
ZXWY
Pre In In Pre Post Post
YZXW
ZYWX
ZWXY
Pre In In Post Post Pre
YZWX
ZYWX
ZXWY
Pre In Post Pre In Post
YZXW
ZYWX
ZWXY
Pre In Post Pre Post In
YZXW
ZYWX
ZWXY
Pre In Post Post Pre In
YZWX
ZYWX
ZXWY
Pre In Post Post In Pre
YZWX
ZYWX
ZXWY
Pre Post Pre In In Post
YZXW
ZYXW
ZWXY
Pre Post In Pre In Post
YZXW
ZYWX
ZWXY
Pre Post In Pre Post In
YZXW
ZYWX
ZWXY
Pre Post In In Pre Post
YZXW
ZYXW
ZWXY
Pre Post Post Pre In In
YZXW
ZYWX
ZWXY
In Pre Pre Post Post In
YZWX
ZYWX
ZXWY
In Pre In Post Post Pre
YZWX
ZYWX
ZXWY
In Pre Post In Post Pre
YZWX
ZYXW
ZXWY
In Pre Post Post Pre In
YZWX
ZYWX
ZXWY
In Pre Post Post In Pre
YZWX
ZYWX
ZXWY
In In Pre Pre Post Post
YZXW
ZYWX
ZWXY
In In Pre Post Post Pre
YZWX
ZYWX
ZXWY
In In Post Pre Pre Post
YZXW
ZYWX
ZWXY
In In Post Post Pre Pre
YZWX
ZYWX
ZXWY
In Post Pre Pre In Post
YZXW
ZYWX
ZWXY
In Post Pre Pre Post In
YZXW
ZYWX
ZWXY
In Post Pre In Pre Post
YZXW
ZYXW
ZWXY
In Post In Pre Pre Post
YZXW
ZYWX
ZWXY
In Post Post Pre Pre In
YZXW
ZYWX
ZWXY
Post Pre Pre Post In In
YZWX
ZYWX
ZXWY
Post Pre In In Post Pre
YZWX
ZYXW
ZXWY
Post Pre In Post Pre In
YZWX
ZYWX
ZXWY
Post Pre In Post In Pre
YZWX
ZYWX
ZXWY
Post Pre Post In In Pre
YZWX
ZYXW
ZXWY
Post In Pre Pre In Post
YZXW
ZYWX
ZWXY
Post In Pre Pre Post In
YZXW
ZYWX
ZWXY
Post In Pre Post Pre In
YZWX
ZYWX
ZXWY
Post In Pre Post In Pre
YZWX
ZYWX
ZXWY
Post In In Pre Pre Post
YZXW
ZYWX
ZWXY
Post In In Post Pre Pre
YZWX
ZYWX
ZXWY
Post In Post Pre Pre In
YZXW
ZYWX
ZWXY
Post Post Pre Pre In In
YZXW
ZYWX
ZWXY
Post Post In Pre Pre In
YZXW
ZYWX
ZWXY
