Pre In In Post Pre Post
ZYXAWBVCUDTESFRGQHPIOJNKML
XWVUTSRQPONMLKJIHGFEDCBAYZ
LMKNJOIPHQGRFSETDUCVBWAXYZ
Pre In Post In Pre Post
ZYXABCDEFGHIJKLMNOPQRSTUVW
XBCDEFGHIJKLMNOPQRSTUVWAYZ
WVUTSRQPONMLKJIHGFEDCBAXYZ
Pre In Post Post Pre In
ZYABCDEFGHIJKLMNOPQRSTUVWX
YBDFHJLNPRTVXWUSQOMKIGECAZ
XWVUTSRQPONMLKJIHGFEDCBAYZ
Pre Post In In Pre Post
ZYXAWBVCUDTESFRGQHPIOJNKML
XWVUTSRQPONMLKJIHGFEDCBAYZ
LMKNJOIPHQGRFSETDUCVBWAXYZ
Pre Post In Post Pre In
ZYXABCDEFGHIJKLMNOPQRSTUVW
XAWVUTSRQPONMLKJIHGFEDCBYZ
WVUTSRQPONMLKJIHGFEDCBAXYZ
Pre Post Post In Pre In
ZYXABCDEFGHIJKLMNOPQRSTUVW
XACEGIKMOQSUWVTRPNLJHFDBYZ
WVUTSRQPONMLKJIHGFEDCBAXYZ
In Post Post Pre In Pre
ZYXABCDEFGHIJKLMNOPQRSTUVW
YVWUTSRQPONMLKJIHGFEDCBAXZ
WVUTSRQPONMLKJIHGFEDCBAXYZ
