Pre Pre In In Post Post
ACEGIKMOQSUWYZXVTRPNLJHFDB
ACEGIKMOQSUWYZXVTRPNLJHFDB
BDFHJLNPRTVXZYWUSQOMKIGECA
Pre Pre Post In In Post
ACEGIKMOQSUWYZXVTRPNLJHFDB
ACEGIKMOQSUWYZXVTRPNLJHFDB
BDFHJLNPRTVXZYWUSQOMKIGECA
Pre In Pre In Post Post
ACEGIKMOQSUWYZXVTRPNLJHFDB
ACEGIKMOQSUWYZXVTRPNLJHFDB
BDFHJLNPRTVXZYWUSQOMKIGECA
Pre In In Pre Post Post
ACEGIKMOQSUWYZXVTRPNLJHFDB
ACEGIKMOQSUWYZXVTRPNLJHFDB
BDFHJLNPRTVXZYWUSQOMKIGECA
Pre In In Post Post Pre
ABDFHJLNPRTVXZYWUSQOMKIGEC
ACEGIKMOQSUWYZXVTRPNLJHFDB
CEGIKMOQSUWYZXVTRPNLJHFDBA
Pre In Post Pre In Post
ACEGIKMOQSUWYZXVTRPNLJHFDB
ACEGIKMOQSUWYZXVTRPNLJHFDB
BDFHJLNPRTVXZYWUSQOMKIGECA
Pre In Post In Pre Post
ACEGIKMOQSUWYZXVTRPNLJHFDB
ACEGIKMOQSUWYZXVTRPNLJHFDB
BDFHJLNPRTVXZYWUSQOMKIGECA
Pre In Post In Post Pre
ABDCEFHGIJLKMNPOQRTSUVXWYZ
ADEHILMPQTUXYZWVSRONKJGFCB
ZYWXVUSTRQOPNMKLJIGHFECDBA
Pre In Post Post In Pre
ABDFHJLNPRTVXZYWUSQOMKIGEC
ACEGIKMOQSUWYZXVTRPNLJHFDB
CEGIKMOQSUWYZXVTRPNLJHFDBA
Pre Post Pre Post In In
ABCDEFGHIJKLMNOPQRSTUVWXYZ
ABCDEFGHIJKLMNOPQRSTUVWXYZ
ZYXWVUTSRQPONMLKJIHGFEDCBA
Pre Post In In Post Pre
ABDFHJLNPRTVXZYWUSQOMKIGEC
ACEGIKMOQSUWYZXVTRPNLJHFDB
CEGIKMOQSUWYZXVTRPNLJHFDBA
Pre Post In Post Pre In
ABCDEFGHIJKLMNOPQRSTUVWXYZ
ABCDEFGHIJKLMNOPQRSTUVWXYZ
ZYXWVUTSRQPONMLKJIHGFEDCBA
Pre Post In Post In Pre
ABCDEFGHIJKLMNOPQRSTUVWXYZ
ABCDEFGHIJKLMNOPQRSTUVWXYZ
ZYXWVUTSRQPONMLKJIHGFEDCBA
Pre Post Post In In Pre
ABDFHJLNPRTVXZYWUSQOMKIGEC
ACEGIKMOQSUWYZXVTRPNLJHFDB
CEGIKMOQSUWYZXVTRPNLJHFDBA
In Pre Pre In Post Post
ACEGIKMOQSUWYZXVTRPNLJHFDB
ACEGIKMOQSUWYZXVTRPNLJHFDB
BDFHJLNPRTVXZYWUSQOMKIGECA
In Pre In Pre Post Post
ACEGIKMOQSUWYZXVTRPNLJHFDB
ACEGIKMOQSUWYXTPLHDBFJNRVZ
BDFHJLNPRTVXZYWUSQOMKIGECA
In Pre Post Pre In Post
ACEGIKMOQSUWYZXVTRPNLJHFDB
ACEGIKMOQSUWYZXVTRPNLJHFBD
BDFHJLNPRTVXZYWUSQOMKIGECA
In Pre Post Pre Post In
ACEGIKMOQSUWYZXVTRPNLJHFDB
AEIMQUYXTPLHDBFJNRVZWSOKGC
BDFHJLNPRTVXZYWUSQOMKIGECA
In Pre Post In Pre Post
ACEGIKMOQSUWYZXVTRPNLJHFDB
ACEGIKMOQSUWYZXVTRPNLJHFDB
BDFHJLNPRTVXZYWUSQOMKIGECA
In In Pre Pre Post Post
ACEGIKMOQSUWYZXVTRPNLJHFDB
ACEGIKMOQSUWYZXVTRPNLJHFDB
BDFHJLNPRTVXZYWUSQOMKIGECA
In In Post Pre Pre Post
ACEGIKMOQSUWYZXVTRPNLJHFDB
ACEGIKMOQSUWYZXVTRPNLJHFDB
BDFHJLNPRTVXZYWUSQOMKIGECA
In Post Pre Post Pre In
ABCDEFGHIJKLMNOPQRSTUVWXYZ
ABCDEFGHIJKLMNOPQRSTUVWXYZ
ZYXWVUTSRQPONMLKJIHGFEDCBA
In Post Pre Post In Pre
ABCDEFGHIJKLMNOPQRSTUVWXYZ
ABCDEFGHIJKLMNOPQRSTUVWXYZ
ZYXWVUTSRQPONMLKJIHGFEDCBA
In Post In Post Pre Pre
ABCDEFGHIJKLMNOPQRSTUVWXYZ
ABCDEFGHIJKLMNOPQRSTUVWXYZ
ZYXWVUTSRQPONMLKJIHGFEDCBA
Post Pre Pre In In Post
ACEGIKMOQSUWYZXVTRPNLJHFDB
ACEGIKMOQSUWYZXVTRPNLJHFDB
BDFHJLNPRTVXZYWUSQOMKIGECA
Post Pre In Pre In Post
ACBDEGFHIKJLMONPQSRTUWVXYZ
ABEFIJMNQRUVYZXWTSPOLKHGDC
ZYXVWUTRSQPNOMLJKIHFGEDBCA
Post Pre In Pre Post In
ACBDEGFHIKJLMONPQSRTUWVXYZ
ABEFIJMNQRUVYZXWTSPOLKHGDC
ZYXVWUTRSQPNOMLJKIHFGEDBCA
Post Pre In In Pre Post
ACEGIKMOQSUWYZXVTRPNLJHFDB
ACEGIKMOQSUWYZXVTRPNLJHFDB
BDFHJLNPRTVXZYWUSQOMKIGECA
Post In Pre Pre In Post
ACEGIKMOQSUWYZXVTRPNLJHFDB
ACEGIKMOQSUWYZXVTRPNLJHFDB
BDFHJLNPRTVXZYWUSQOMKIGECA
Post In Pre In Pre Post
ACEGIKMOQSUWYZXVTRPNLJHFDB
ACEGIKMOQSUWYZXVTRPNLJHFDB
BDFHJLNPRTVXZYWUSQOMKIGECA
Post In Pre In Post Pre
ABCDEFGHIJKLMNOPQRSTUVWXYZ
ACEGIKMOQSUWYZXVTRPNLJHFDB
ZYXWVUTSRQPONMLKJIHGFEDCBA
Post In Pre Post In Pre
ABCDEFGHIJKLMNOPQRSTUVWXYZ
ACEGIKMOQSUWYZXVTRPNLJHFDB
ZYXWVUTSRQPONMLKJIHGFEDCBA
Post In In Pre Pre Post
ACEGIKMOQSUWYZXVTRPNLJHFDB
ACEGIKMOQSUWYZXVTRPNLJHFDB
BDFHJLNPRTVXZYWUSQOMKIGECA
Post In In Post Pre Pre
ABCDEFGHIJKLMNOPQRSTUVWXYZ
ACEGIKMOQSUWYZXVTRPNLJHFDB
ZYXWVUTSRQPONMLKJIHGFEDCBA
Post Post Pre In In Pre
ABCDEFGHIJKLMNOPQRSTUVWXYZ
ACEGIKMOQSUWYZXVTRPNLJHFDB
ZYXWVUTSRQPONMLKJIHGFEDCBA
Post Post In In Pre Pre
ABCDEFGHIJKLMNOPQRSTUVWXYZ
ACEGIKMOQSUWYZXVTRPNLJHFDB
ZYXWVUTSRQPONMLKJIHGFEDCBA
